// Jest Snapshot v1, https://goo.gl/fbAQLP

exports[`!freelance callback returns correct output 1`] = `"Here are some things that should be considered before getting into freelancing: https://discord.com/channels/505093832157691914/505093832157691916/928760451213443193 "`;
