// Jest Snapshot v1, https://goo.gl/fbAQLP

exports[`!google callback returns correct output 1`] = `"**This query might help you find what you're looking for >** <https://google.com/search?q=The+Odin+Project>"`;
