// Jest Snapshot v1, https://goo.gl/fbAQLP

exports[`!wsl callback returns correct output 1`] = `
{
  "embeds": [
    {
      "color": 13407555,
      "description": "For help with using WSL please use the WSL channel: <#1077759838785904640>",
      "title": "WSL",
    },
  ],
}
`;
